// Jest Snapshot v1, https://goo.gl/fbAQLP

exports[`renders the MainContainer styled component 1`] = `
.c0 {
  background: #e5e5e5;
  height: 1024px;
  display: -webkit-box;
  display: -webkit-flex;
  display: -ms-flexbox;
  display: flex;
  -webkit-box-pack: space-around;
  -webkit-justify-content: space-around;
  -ms-flex-pack: space-around;
  justify-content: space-around;
}

<div
  className="c0"
/>
`;
